Analysis & Synthesis report for MyComputer
Thu May 16 17:39:56 2019
Quartus Prime Version 18.1.0 Build 625 09/12/2018 SJ Lite Edition


---------------------
; Table of Contents ;
---------------------
  1. Legal Notice
  2. Analysis & Synthesis Summary
  3. Analysis & Synthesis Settings
  4. Parallel Compilation
  5. Analysis & Synthesis Source Files Read
  6. Analysis & Synthesis Resource Usage Summary
  7. Analysis & Synthesis Resource Utilization by Entity
  8. Analysis & Synthesis DSP Block Usage Summary
  9. General Register Statistics
 10. Multiplexer Restructuring Statistics (Restructuring Performed)
 11. Parameter Settings for Inferred Entity Instance: Disp2cNum:dnum|DispDec:hex0|lpm_divide:Mod0
 12. Parameter Settings for Inferred Entity Instance: Disp2cNum:dnum|DispDec:hex0|lpm_divide:Div0
 13. Parameter Settings for Inferred Entity Instance: Disp2cNum:dnum|DispDec:hex1|lpm_divide:Mod0
 14. Parameter Settings for Inferred Entity Instance: Disp2cNum:dnum|DispDec:hex1|lpm_divide:Div0
 15. Parameter Settings for Inferred Entity Instance: Disp2cNum:dnum|DispDec:hex2|lpm_divide:Mod0
 16. Port Connectivity Checks: "DispHex:dh|SSeg:ss1"
 17. Port Connectivity Checks: "DispHex:dh|SSeg:ss0"
 18. Port Connectivity Checks: "Disp2cNum:dnum|DispDec:hex3"
 19. Port Connectivity Checks: "Disp2cNum:dnum|DispDec:hex2"
 20. Port Connectivity Checks: "Disp2cNum:dnum|DispDec:hex1"
 21. Port Connectivity Checks: "Disp2cNum:dnum|DispDec:hex0|SSeg:hex"
 22. Post-Synthesis Netlist Statistics for Top Partition
 23. Elapsed Time Per Partition
 24. Analysis & Synthesis Messages
 25. Analysis & Synthesis Suppressed Messages



----------------
; Legal Notice ;
----------------
Copyright (C) 2018  Intel Corporation. All rights reserved.
Your use of Intel Corporation's design tools, logic functions 
and other software and tools, and its AMPP partner logic 
functions, and any output files from any of the foregoing 
(including device programming or simulation files), and any 
associated documentation or information are expressly subject 
to the terms and conditions of the Intel Program License 
Subscription Agreement, the Intel Quartus Prime License Agreement,
the Intel FPGA IP License Agreement, or other applicable license
agreement, including, without limitation, that your use is for
the sole purpose of programming logic devices manufactured by
Intel and sold by Intel or its authorized distributors.  Please
refer to the applicable agreement for further details.



+-------------------------------------------------------------------------------+
; Analysis & Synthesis Summary                                                  ;
+---------------------------------+---------------------------------------------+
; Analysis & Synthesis Status     ; Successful - Thu May 16 17:39:56 2019       ;
; Quartus Prime Version           ; 18.1.0 Build 625 09/12/2018 SJ Lite Edition ;
; Revision Name                   ; MyComputer                                  ;
; Top-level Entity Name           ; MyComputer                                  ;
; Family                          ; Cyclone V                                   ;
; Logic utilization (in ALMs)     ; N/A                                         ;
; Total registers                 ; 367                                         ;
; Total pins                      ; 67                                          ;
; Total virtual pins              ; 0                                           ;
; Total block memory bits         ; 0                                           ;
; Total DSP Blocks                ; 2                                           ;
; Total HSSI RX PCSs              ; 0                                           ;
; Total HSSI PMA RX Deserializers ; 0                                           ;
; Total HSSI TX PCSs              ; 0                                           ;
; Total HSSI PMA TX Serializers   ; 0                                           ;
; Total PLLs                      ; 0                                           ;
; Total DLLs                      ; 0                                           ;
+---------------------------------+---------------------------------------------+


+---------------------------------------------------------------------------------------------------------------------------+
; Analysis & Synthesis Settings                                                                                             ;
+---------------------------------------------------------------------------------+--------------------+--------------------+
; Option                                                                          ; Setting            ; Default Value      ;
+---------------------------------------------------------------------------------+--------------------+--------------------+
; Device                                                                          ; 5CSEMA5F31C6       ;                    ;
; Top-level entity name                                                           ; MyComputer         ; MyComputer         ;
; Family name                                                                     ; Cyclone V          ; Cyclone V          ;
; Use smart compilation                                                           ; Off                ; Off                ;
; Enable parallel Assembler and Timing Analyzer during compilation                ; On                 ; On                 ;
; Enable compact report table                                                     ; Off                ; Off                ;
; Restructure Multiplexers                                                        ; Auto               ; Auto               ;
; MLAB Add Timing Constraints For Mixed-Port Feed-Through Mode Setting Don't Care ; Off                ; Off                ;
; Create Debugging Nodes for IP Cores                                             ; Off                ; Off                ;
; Preserve fewer node names                                                       ; On                 ; On                 ;
; Intel FPGA IP Evaluation Mode                                                   ; Enable             ; Enable             ;
; Verilog Version                                                                 ; Verilog_2001       ; Verilog_2001       ;
; VHDL Version                                                                    ; VHDL_1993          ; VHDL_1993          ;
; State Machine Processing                                                        ; Auto               ; Auto               ;
; Safe State Machine                                                              ; Off                ; Off                ;
; Extract Verilog State Machines                                                  ; On                 ; On                 ;
; Extract VHDL State Machines                                                     ; On                 ; On                 ;
; Ignore Verilog initial constructs                                               ; Off                ; Off                ;
; Iteration limit for constant Verilog loops                                      ; 5000               ; 5000               ;
; Iteration limit for non-constant Verilog loops                                  ; 250                ; 250                ;
; Add Pass-Through Logic to Inferred RAMs                                         ; On                 ; On                 ;
; Infer RAMs from Raw Logic                                                       ; On                 ; On                 ;
; Parallel Synthesis                                                              ; On                 ; On                 ;
; DSP Block Balancing                                                             ; Auto               ; Auto               ;
; NOT Gate Push-Back                                                              ; On                 ; On                 ;
; Power-Up Don't Care                                                             ; On                 ; On                 ;
; Remove Redundant Logic Cells                                                    ; Off                ; Off                ;
; Remove Duplicate Registers                                                      ; On                 ; On                 ;
; Ignore CARRY Buffers                                                            ; Off                ; Off                ;
; Ignore CASCADE Buffers                                                          ; Off                ; Off                ;
; Ignore GLOBAL Buffers                                                           ; Off                ; Off                ;
; Ignore ROW GLOBAL Buffers                                                       ; Off                ; Off                ;
; Ignore LCELL Buffers                                                            ; Off                ; Off                ;
; Ignore SOFT Buffers                                                             ; On                 ; On                 ;
; Limit AHDL Integers to 32 Bits                                                  ; Off                ; Off                ;
; Optimization Technique                                                          ; Balanced           ; Balanced           ;
; Carry Chain Length                                                              ; 70                 ; 70                 ;
; Auto Carry Chains                                                               ; On                 ; On                 ;
; Auto Open-Drain Pins                                                            ; On                 ; On                 ;
; Perform WYSIWYG Primitive Resynthesis                                           ; Off                ; Off                ;
; Auto ROM Replacement                                                            ; On                 ; On                 ;
; Auto RAM Replacement                                                            ; On                 ; On                 ;
; Auto DSP Block Replacement                                                      ; On                 ; On                 ;
; Auto Shift Register Replacement                                                 ; Auto               ; Auto               ;
; Allow Shift Register Merging across Hierarchies                                 ; Auto               ; Auto               ;
; Auto Clock Enable Replacement                                                   ; On                 ; On                 ;
; Strict RAM Replacement                                                          ; Off                ; Off                ;
; Allow Synchronous Control Signals                                               ; On                 ; On                 ;
; Force Use of Synchronous Clear Signals                                          ; Off                ; Off                ;
; Auto Resource Sharing                                                           ; Off                ; Off                ;
; Allow Any RAM Size For Recognition                                              ; Off                ; Off                ;
; Allow Any ROM Size For Recognition                                              ; Off                ; Off                ;
; Allow Any Shift Register Size For Recognition                                   ; Off                ; Off                ;
; Use LogicLock Constraints during Resource Balancing                             ; On                 ; On                 ;
; Ignore translate_off and synthesis_off directives                               ; Off                ; Off                ;
; Timing-Driven Synthesis                                                         ; On                 ; On                 ;
; Report Parameter Settings                                                       ; On                 ; On                 ;
; Report Source Assignments                                                       ; On                 ; On                 ;
; Report Connectivity Checks                                                      ; On                 ; On                 ;
; Ignore Maximum Fan-Out Assignments                                              ; Off                ; Off                ;
; Synchronization Register Chain Length                                           ; 3                  ; 3                  ;
; Power Optimization During Synthesis                                             ; Normal compilation ; Normal compilation ;
; HDL message level                                                               ; Level2             ; Level2             ;
; Suppress Register Optimization Related Messages                                 ; Off                ; Off                ;
; Number of Removed Registers Reported in Synthesis Report                        ; 5000               ; 5000               ;
; Number of Swept Nodes Reported in Synthesis Report                              ; 5000               ; 5000               ;
; Number of Inverted Registers Reported in Synthesis Report                       ; 100                ; 100                ;
; Clock MUX Protection                                                            ; On                 ; On                 ;
; Auto Gated Clock Conversion                                                     ; Off                ; Off                ;
; Block Design Naming                                                             ; Auto               ; Auto               ;
; SDC constraint protection                                                       ; Off                ; Off                ;
; Synthesis Effort                                                                ; Auto               ; Auto               ;
; Shift Register Replacement - Allow Asynchronous Clear Signal                    ; On                 ; On                 ;
; Pre-Mapping Resynthesis Optimization                                            ; Off                ; Off                ;
; Analysis & Synthesis Message Level                                              ; Medium             ; Medium             ;
; Disable Register Merging Across Hierarchies                                     ; Auto               ; Auto               ;
; Resource Aware Inference For Block RAM                                          ; On                 ; On                 ;
; Automatic Parallel Synthesis                                                    ; On                 ; On                 ;
; Partial Reconfiguration Bitstream ID                                            ; Off                ; Off                ;
+---------------------------------------------------------------------------------+--------------------+--------------------+


+------------------------------------------+
; Parallel Compilation                     ;
+----------------------------+-------------+
; Processors                 ; Number      ;
+----------------------------+-------------+
; Number detected on machine ; 4           ;
; Maximum allowed            ; 4           ;
;                            ;             ;
; Average used               ; 1.00        ;
; Maximum used               ; 4           ;
;                            ;             ;
; Usage by Processor         ; % Time Used ;
;     Processor 1            ; 100.0%      ;
;     Processor 2            ;   0.0%      ;
;     Processor 3            ;   0.0%      ;
;     Processor 4            ;   0.0%      ;
+----------------------------+-------------+


+-------------------------------------------------------------------------------------------------------------------------------------------------------------------------+
; Analysis & Synthesis Source Files Read                                                                                                                                  ;
+----------------------------------+-----------------+------------------------------+---------------------------------------------------------------------------+---------+
; File Name with User-Entered Path ; Used in Netlist ; File Type                    ; File Name with Absolute Path                                              ; Library ;
+----------------------------------+-----------------+------------------------------+---------------------------------------------------------------------------+---------+
; CPU.vh                           ; yes             ; User Unspecified File        ; C:/Users/Kit Man/Documents/Quartus/Project/CPU/CPU.vh                     ;         ;
; ROM.v                            ; yes             ; User Verilog HDL File        ; C:/Users/Kit Man/Documents/Quartus/Project/CPU/ROM.v                      ;         ;
; CPU.v                            ; yes             ; User Verilog HDL File        ; C:/Users/Kit Man/Documents/Quartus/Project/CPU/CPU.v                      ;         ;
; AuxMod.v                         ; yes             ; User Verilog HDL File        ; C:/Users/Kit Man/Documents/Quartus/Project/CPU/AuxMod.v                   ;         ;
; MyComputer.v                     ; yes             ; User Verilog HDL File        ; C:/Users/Kit Man/Documents/Quartus/Project/CPU/MyComputer.v               ;         ;
; lpm_divide.tdf                   ; yes             ; Megafunction                 ; d:/intelfpga/18.1/quartus/libraries/megafunctions/lpm_divide.tdf          ;         ;
; abs_divider.inc                  ; yes             ; Megafunction                 ; d:/intelfpga/18.1/quartus/libraries/megafunctions/abs_divider.inc         ;         ;
; sign_div_unsign.inc              ; yes             ; Megafunction                 ; d:/intelfpga/18.1/quartus/libraries/megafunctions/sign_div_unsign.inc     ;         ;
; aglobal181.inc                   ; yes             ; Megafunction                 ; d:/intelfpga/18.1/quartus/libraries/megafunctions/aglobal181.inc          ;         ;
; db/lpm_divide_72m.tdf            ; yes             ; Auto-Generated Megafunction  ; C:/Users/Kit Man/Documents/Quartus/Project/CPU/db/lpm_divide_72m.tdf      ;         ;
; db/sign_div_unsign_akh.tdf       ; yes             ; Auto-Generated Megafunction  ; C:/Users/Kit Man/Documents/Quartus/Project/CPU/db/sign_div_unsign_akh.tdf ;         ;
; db/alt_u_div_qse.tdf             ; yes             ; Auto-Generated Megafunction  ; C:/Users/Kit Man/Documents/Quartus/Project/CPU/db/alt_u_div_qse.tdf       ;         ;
; db/lpm_divide_4am.tdf            ; yes             ; Auto-Generated Megafunction  ; C:/Users/Kit Man/Documents/Quartus/Project/CPU/db/lpm_divide_4am.tdf      ;         ;
+----------------------------------+-----------------+------------------------------+---------------------------------------------------------------------------+---------+


+--------------------------------------------------------------+
; Analysis & Synthesis Resource Usage Summary                  ;
+---------------------------------------------+----------------+
; Resource                                    ; Usage          ;
+---------------------------------------------+----------------+
; Estimate of Logic utilization (ALMs needed) ; 735            ;
;                                             ;                ;
; Combinational ALUT usage for logic          ; 904            ;
;     -- 7 input functions                    ; 5              ;
;     -- 6 input functions                    ; 324            ;
;     -- 5 input functions                    ; 171            ;
;     -- 4 input functions                    ; 116            ;
;     -- <=3 input functions                  ; 288            ;
;                                             ;                ;
; Dedicated logic registers                   ; 367            ;
;                                             ;                ;
; I/O pins                                    ; 67             ;
;                                             ;                ;
; Total DSP Blocks                            ; 2              ;
;                                             ;                ;
; Maximum fan-out node                        ; CLOCK_50~input ;
; Maximum fan-out                             ; 367            ;
; Total fan-out                               ; 5686           ;
; Average fan-out                             ; 4.04           ;
+---------------------------------------------+----------------+


+--------------------------------------------------------------------------------------------------------------------------------------------------------------------------------------------------------------------------------------------------------------------------------------------------------------------------------------+
; Analysis & Synthesis Resource Utilization by Entity                                                                                                                                                                                                                                                                                  ;
+----------------------------------------------+---------------------+---------------------------+-------------------+------------+------+--------------+-----------------------------------------------------------------------------------------------------------------------------------------+---------------------+--------------+
; Compilation Hierarchy Node                   ; Combinational ALUTs ; Dedicated Logic Registers ; Block Memory Bits ; DSP Blocks ; Pins ; Virtual Pins ; Full Hierarchy Name                                                                                                                     ; Entity Name         ; Library Name ;
+----------------------------------------------+---------------------+---------------------------+-------------------+------------+------+--------------+-----------------------------------------------------------------------------------------------------------------------------------------+---------------------+--------------+
; |MyComputer                                  ; 904 (0)             ; 367 (0)                   ; 0                 ; 2          ; 67   ; 0            ; |MyComputer                                                                                                                             ; MyComputer          ; work         ;
;    |CPU:cpu|                                 ; 657 (568)           ; 343 (311)                 ; 0                 ; 2          ; 0    ; 0            ; |MyComputer|CPU:cpu                                                                                                                     ; CPU                 ; work         ;
;       |AsyncROM:Pmem|                        ; 85 (85)             ; 0 (0)                     ; 0                 ; 0          ; 0    ; 0            ; |MyComputer|CPU:cpu|AsyncROM:Pmem                                                                                                       ; AsyncROM            ; work         ;
;       |DetectFallingEdge:pb[0].dfe|          ; 0 (0)               ; 1 (1)                     ; 0                 ; 0          ; 0    ; 0            ; |MyComputer|CPU:cpu|DetectFallingEdge:pb[0].dfe                                                                                         ; DetectFallingEdge   ; work         ;
;       |DetectFallingEdge:pb[1].dfe|          ; 0 (0)               ; 1 (1)                     ; 0                 ; 0          ; 0    ; 0            ; |MyComputer|CPU:cpu|DetectFallingEdge:pb[1].dfe                                                                                         ; DetectFallingEdge   ; work         ;
;       |DetectFallingEdge:pb[2].dfe|          ; 0 (0)               ; 1 (1)                     ; 0                 ; 0          ; 0    ; 0            ; |MyComputer|CPU:cpu|DetectFallingEdge:pb[2].dfe                                                                                         ; DetectFallingEdge   ; work         ;
;       |DetectFallingEdge:pb[3].dfe|          ; 0 (0)               ; 1 (1)                     ; 0                 ; 0          ; 0    ; 0            ; |MyComputer|CPU:cpu|DetectFallingEdge:pb[3].dfe                                                                                         ; DetectFallingEdge   ; work         ;
;       |Synchroniser:din0|                    ; 0 (0)               ; 2 (2)                     ; 0                 ; 0          ; 0    ; 0            ; |MyComputer|CPU:cpu|Synchroniser:din0                                                                                                   ; Synchroniser        ; work         ;
;       |Synchroniser:din1|                    ; 0 (0)               ; 2 (2)                     ; 0                 ; 0          ; 0    ; 0            ; |MyComputer|CPU:cpu|Synchroniser:din1                                                                                                   ; Synchroniser        ; work         ;
;       |Synchroniser:din2|                    ; 0 (0)               ; 2 (2)                     ; 0                 ; 0          ; 0    ; 0            ; |MyComputer|CPU:cpu|Synchroniser:din2                                                                                                   ; Synchroniser        ; work         ;
;       |Synchroniser:din3|                    ; 0 (0)               ; 2 (2)                     ; 0                 ; 0          ; 0    ; 0            ; |MyComputer|CPU:cpu|Synchroniser:din3                                                                                                   ; Synchroniser        ; work         ;
;       |Synchroniser:din4|                    ; 0 (0)               ; 2 (2)                     ; 0                 ; 0          ; 0    ; 0            ; |MyComputer|CPU:cpu|Synchroniser:din4                                                                                                   ; Synchroniser        ; work         ;
;       |Synchroniser:din5|                    ; 0 (0)               ; 2 (2)                     ; 0                 ; 0          ; 0    ; 0            ; |MyComputer|CPU:cpu|Synchroniser:din5                                                                                                   ; Synchroniser        ; work         ;
;       |Synchroniser:din6|                    ; 0 (0)               ; 2 (2)                     ; 0                 ; 0          ; 0    ; 0            ; |MyComputer|CPU:cpu|Synchroniser:din6                                                                                                   ; Synchroniser        ; work         ;
;       |Synchroniser:din7|                    ; 0 (0)               ; 2 (2)                     ; 0                 ; 0          ; 0    ; 0            ; |MyComputer|CPU:cpu|Synchroniser:din7                                                                                                   ; Synchroniser        ; work         ;
;       |Synchroniser:sync_btns0|              ; 1 (1)               ; 2 (2)                     ; 0                 ; 0          ; 0    ; 0            ; |MyComputer|CPU:cpu|Synchroniser:sync_btns0                                                                                             ; Synchroniser        ; work         ;
;       |Synchroniser:sync_btns1|              ; 1 (1)               ; 2 (2)                     ; 0                 ; 0          ; 0    ; 0            ; |MyComputer|CPU:cpu|Synchroniser:sync_btns1                                                                                             ; Synchroniser        ; work         ;
;       |Synchroniser:sync_btns2|              ; 1 (1)               ; 2 (2)                     ; 0                 ; 0          ; 0    ; 0            ; |MyComputer|CPU:cpu|Synchroniser:sync_btns2                                                                                             ; Synchroniser        ; work         ;
;       |Synchroniser:sync_r|                  ; 0 (0)               ; 2 (2)                     ; 0                 ; 0          ; 0    ; 0            ; |MyComputer|CPU:cpu|Synchroniser:sync_r                                                                                                 ; Synchroniser        ; work         ;
;       |Synchroniser:sync_sample|             ; 1 (1)               ; 2 (2)                     ; 0                 ; 0          ; 0    ; 0            ; |MyComputer|CPU:cpu|Synchroniser:sync_sample                                                                                            ; Synchroniser        ; work         ;
;       |Synchroniser:sync_turbo|              ; 0 (0)               ; 2 (2)                     ; 0                 ; 0          ; 0    ; 0            ; |MyComputer|CPU:cpu|Synchroniser:sync_turbo                                                                                             ; Synchroniser        ; work         ;
;    |Debounce:db|                             ; 47 (47)             ; 24 (22)                   ; 0                 ; 0          ; 0    ; 0            ; |MyComputer|Debounce:db                                                                                                                 ; Debounce            ; work         ;
;       |Synchroniser:sync|                    ; 0 (0)               ; 2 (2)                     ; 0                 ; 0          ; 0    ; 0            ; |MyComputer|Debounce:db|Synchroniser:sync                                                                                               ; Synchroniser        ; work         ;
;    |Disp2cNum:dnum|                          ; 186 (0)             ; 0 (0)                     ; 0                 ; 0          ; 0    ; 0            ; |MyComputer|Disp2cNum:dnum                                                                                                              ; Disp2cNum           ; work         ;
;       |DispDec:hex0|                         ; 91 (2)              ; 0 (0)                     ; 0                 ; 0          ; 0    ; 0            ; |MyComputer|Disp2cNum:dnum|DispDec:hex0                                                                                                 ; DispDec             ; work         ;
;          |SSeg:hex|                          ; 9 (9)               ; 0 (0)                     ; 0                 ; 0          ; 0    ; 0            ; |MyComputer|Disp2cNum:dnum|DispDec:hex0|SSeg:hex                                                                                        ; SSeg                ; work         ;
;          |lpm_divide:Div0|                   ; 38 (0)              ; 0 (0)                     ; 0                 ; 0          ; 0    ; 0            ; |MyComputer|Disp2cNum:dnum|DispDec:hex0|lpm_divide:Div0                                                                                 ; lpm_divide          ; work         ;
;             |lpm_divide_4am:auto_generated|  ; 38 (0)              ; 0 (0)                     ; 0                 ; 0          ; 0    ; 0            ; |MyComputer|Disp2cNum:dnum|DispDec:hex0|lpm_divide:Div0|lpm_divide_4am:auto_generated                                                   ; lpm_divide_4am      ; work         ;
;                |sign_div_unsign_akh:divider| ; 38 (0)              ; 0 (0)                     ; 0                 ; 0          ; 0    ; 0            ; |MyComputer|Disp2cNum:dnum|DispDec:hex0|lpm_divide:Div0|lpm_divide_4am:auto_generated|sign_div_unsign_akh:divider                       ; sign_div_unsign_akh ; work         ;
;                   |alt_u_div_qse:divider|    ; 38 (38)             ; 0 (0)                     ; 0                 ; 0          ; 0    ; 0            ; |MyComputer|Disp2cNum:dnum|DispDec:hex0|lpm_divide:Div0|lpm_divide_4am:auto_generated|sign_div_unsign_akh:divider|alt_u_div_qse:divider ; alt_u_div_qse       ; work         ;
;          |lpm_divide:Mod0|                   ; 42 (0)              ; 0 (0)                     ; 0                 ; 0          ; 0    ; 0            ; |MyComputer|Disp2cNum:dnum|DispDec:hex0|lpm_divide:Mod0                                                                                 ; lpm_divide          ; work         ;
;             |lpm_divide_72m:auto_generated|  ; 42 (0)              ; 0 (0)                     ; 0                 ; 0          ; 0    ; 0            ; |MyComputer|Disp2cNum:dnum|DispDec:hex0|lpm_divide:Mod0|lpm_divide_72m:auto_generated                                                   ; lpm_divide_72m      ; work         ;
;                |sign_div_unsign_akh:divider| ; 42 (0)              ; 0 (0)                     ; 0                 ; 0          ; 0    ; 0            ; |MyComputer|Disp2cNum:dnum|DispDec:hex0|lpm_divide:Mod0|lpm_divide_72m:auto_generated|sign_div_unsign_akh:divider                       ; sign_div_unsign_akh ; work         ;
;                   |alt_u_div_qse:divider|    ; 42 (42)             ; 0 (0)                     ; 0                 ; 0          ; 0    ; 0            ; |MyComputer|Disp2cNum:dnum|DispDec:hex0|lpm_divide:Mod0|lpm_divide_72m:auto_generated|sign_div_unsign_akh:divider|alt_u_div_qse:divider ; alt_u_div_qse       ; work         ;
;       |DispDec:hex1|                         ; 60 (1)              ; 0 (0)                     ; 0                 ; 0          ; 0    ; 0            ; |MyComputer|Disp2cNum:dnum|DispDec:hex1                                                                                                 ; DispDec             ; work         ;
;          |SSeg:hex|                          ; 9 (9)               ; 0 (0)                     ; 0                 ; 0          ; 0    ; 0            ; |MyComputer|Disp2cNum:dnum|DispDec:hex1|SSeg:hex                                                                                        ; SSeg                ; work         ;
;          |lpm_divide:Div0|                   ; 23 (0)              ; 0 (0)                     ; 0                 ; 0          ; 0    ; 0            ; |MyComputer|Disp2cNum:dnum|DispDec:hex1|lpm_divide:Div0                                                                                 ; lpm_divide          ; work         ;
;             |lpm_divide_4am:auto_generated|  ; 23 (0)              ; 0 (0)                     ; 0                 ; 0          ; 0    ; 0            ; |MyComputer|Disp2cNum:dnum|DispDec:hex1|lpm_divide:Div0|lpm_divide_4am:auto_generated                                                   ; lpm_divide_4am      ; work         ;
;                |sign_div_unsign_akh:divider| ; 23 (0)              ; 0 (0)                     ; 0                 ; 0          ; 0    ; 0            ; |MyComputer|Disp2cNum:dnum|DispDec:hex1|lpm_divide:Div0|lpm_divide_4am:auto_generated|sign_div_unsign_akh:divider                       ; sign_div_unsign_akh ; work         ;
;                   |alt_u_div_qse:divider|    ; 23 (23)             ; 0 (0)                     ; 0                 ; 0          ; 0    ; 0            ; |MyComputer|Disp2cNum:dnum|DispDec:hex1|lpm_divide:Div0|lpm_divide_4am:auto_generated|sign_div_unsign_akh:divider|alt_u_div_qse:divider ; alt_u_div_qse       ; work         ;
;          |lpm_divide:Mod0|                   ; 27 (0)              ; 0 (0)                     ; 0                 ; 0          ; 0    ; 0            ; |MyComputer|Disp2cNum:dnum|DispDec:hex1|lpm_divide:Mod0                                                                                 ; lpm_divide          ; work         ;
;             |lpm_divide_72m:auto_generated|  ; 27 (0)              ; 0 (0)                     ; 0                 ; 0          ; 0    ; 0            ; |MyComputer|Disp2cNum:dnum|DispDec:hex1|lpm_divide:Mod0|lpm_divide_72m:auto_generated                                                   ; lpm_divide_72m      ; work         ;
;                |sign_div_unsign_akh:divider| ; 27 (0)              ; 0 (0)                     ; 0                 ; 0          ; 0    ; 0            ; |MyComputer|Disp2cNum:dnum|DispDec:hex1|lpm_divide:Mod0|lpm_divide_72m:auto_generated|sign_div_unsign_akh:divider                       ; sign_div_unsign_akh ; work         ;
;                   |alt_u_div_qse:divider|    ; 27 (27)             ; 0 (0)                     ; 0                 ; 0          ; 0    ; 0            ; |MyComputer|Disp2cNum:dnum|DispDec:hex1|lpm_divide:Mod0|lpm_divide_72m:auto_generated|sign_div_unsign_akh:divider|alt_u_div_qse:divider ; alt_u_div_qse       ; work         ;
;       |DispDec:hex2|                         ; 28 (1)              ; 0 (0)                     ; 0                 ; 0          ; 0    ; 0            ; |MyComputer|Disp2cNum:dnum|DispDec:hex2                                                                                                 ; DispDec             ; work         ;
;          |SSeg:hex|                          ; 9 (9)               ; 0 (0)                     ; 0                 ; 0          ; 0    ; 0            ; |MyComputer|Disp2cNum:dnum|DispDec:hex2|SSeg:hex                                                                                        ; SSeg                ; work         ;
;          |lpm_divide:Mod0|                   ; 18 (0)              ; 0 (0)                     ; 0                 ; 0          ; 0    ; 0            ; |MyComputer|Disp2cNum:dnum|DispDec:hex2|lpm_divide:Mod0                                                                                 ; lpm_divide          ; work         ;
;             |lpm_divide_72m:auto_generated|  ; 18 (0)              ; 0 (0)                     ; 0                 ; 0          ; 0    ; 0            ; |MyComputer|Disp2cNum:dnum|DispDec:hex2|lpm_divide:Mod0|lpm_divide_72m:auto_generated                                                   ; lpm_divide_72m      ; work         ;
;                |sign_div_unsign_akh:divider| ; 18 (0)              ; 0 (0)                     ; 0                 ; 0          ; 0    ; 0            ; |MyComputer|Disp2cNum:dnum|DispDec:hex2|lpm_divide:Mod0|lpm_divide_72m:auto_generated|sign_div_unsign_akh:divider                       ; sign_div_unsign_akh ; work         ;
;                   |alt_u_div_qse:divider|    ; 18 (18)             ; 0 (0)                     ; 0                 ; 0          ; 0    ; 0            ; |MyComputer|Disp2cNum:dnum|DispDec:hex2|lpm_divide:Mod0|lpm_divide_72m:auto_generated|sign_div_unsign_akh:divider|alt_u_div_qse:divider ; alt_u_div_qse       ; work         ;
;       |convertSigned:convert|                ; 7 (7)               ; 0 (0)                     ; 0                 ; 0          ; 0    ; 0            ; |MyComputer|Disp2cNum:dnum|convertSigned:convert                                                                                        ; convertSigned       ; work         ;
;    |DispHex:dh|                              ; 14 (0)              ; 0 (0)                     ; 0                 ; 0          ; 0    ; 0            ; |MyComputer|DispHex:dh                                                                                                                  ; DispHex             ; work         ;
;       |SSeg:ss0|                             ; 7 (7)               ; 0 (0)                     ; 0                 ; 0          ; 0    ; 0            ; |MyComputer|DispHex:dh|SSeg:ss0                                                                                                         ; SSeg                ; work         ;
;       |SSeg:ss1|                             ; 7 (7)               ; 0 (0)                     ; 0                 ; 0          ; 0    ; 0            ; |MyComputer|DispHex:dh|SSeg:ss1                                                                                                         ; SSeg                ; work         ;
+----------------------------------------------+---------------------+---------------------------+-------------------+------------+------+--------------+-----------------------------------------------------------------------------------------------------------------------------------------+---------------------+--------------+
Note: For table entries with two numbers listed, the numbers in parentheses indicate the number of resources of the given type used by the specific entity alone. The numbers listed outside of parentheses indicate the total resources of the given type used by the specific entity and all of its sub-entities in the hierarchy.


+-----------------------------------------------+
; Analysis & Synthesis DSP Block Usage Summary  ;
+---------------------------------+-------------+
; Statistic                       ; Number Used ;
+---------------------------------+-------------+
; Independent 9x9                 ; 2           ;
; Total number of DSP blocks      ; 2           ;
;                                 ;             ;
; Fixed Point Signed Multiplier   ; 1           ;
; Fixed Point Unsigned Multiplier ; 1           ;
+---------------------------------+-------------+


+------------------------------------------------------+
; General Register Statistics                          ;
+----------------------------------------------+-------+
; Statistic                                    ; Value ;
+----------------------------------------------+-------+
; Total registers                              ; 367   ;
; Number of registers using Synchronous Clear  ; 55    ;
; Number of registers using Synchronous Load   ; 240   ;
; Number of registers using Asynchronous Clear ; 0     ;
; Number of registers using Asynchronous Load  ; 0     ;
; Number of registers using Clock Enable       ; 282   ;
; Number of registers using Preset             ; 0     ;
+----------------------------------------------+-------+


+------------------------------------------------------------------------------------------------------------------------------------------------------------------------+
; Multiplexer Restructuring Statistics (Restructuring Performed)                                                                                                         ;
+--------------------+-----------+---------------+----------------------+------------------------+------------+----------------------------------------------------------+
; Multiplexer Inputs ; Bus Width ; Baseline Area ; Area if Restructured ; Saving if Restructured ; Registered ; Example Multiplexer Output                               ;
+--------------------+-----------+---------------+----------------------+------------------------+------------+----------------------------------------------------------+
; 3:1                ; 5 bits    ; 10 LEs        ; 10 LEs               ; 0 LEs                  ; Yes        ; |MyComputer|Debounce:db|count[2]                         ;
; 18:1               ; 8 bits    ; 96 LEs        ; 0 LEs                ; 96 LEs                 ; Yes        ; |MyComputer|CPU:cpu|Reg[30][6]                           ;
; 18:1               ; 8 bits    ; 96 LEs        ; 0 LEs                ; 96 LEs                 ; Yes        ; |MyComputer|CPU:cpu|Reg[29][5]                           ;
; 18:1               ; 8 bits    ; 96 LEs        ; 0 LEs                ; 96 LEs                 ; Yes        ; |MyComputer|CPU:cpu|Reg[27][0]                           ;
; 18:1               ; 8 bits    ; 96 LEs        ; 0 LEs                ; 96 LEs                 ; Yes        ; |MyComputer|CPU:cpu|Reg[26][7]                           ;
; 18:1               ; 8 bits    ; 96 LEs        ; 0 LEs                ; 96 LEs                 ; Yes        ; |MyComputer|CPU:cpu|Reg[25][7]                           ;
; 18:1               ; 8 bits    ; 96 LEs        ; 0 LEs                ; 96 LEs                 ; Yes        ; |MyComputer|CPU:cpu|Reg[24][7]                           ;
; 18:1               ; 8 bits    ; 96 LEs        ; 0 LEs                ; 96 LEs                 ; Yes        ; |MyComputer|CPU:cpu|Reg[23][7]                           ;
; 18:1               ; 8 bits    ; 96 LEs        ; 0 LEs                ; 96 LEs                 ; Yes        ; |MyComputer|CPU:cpu|Reg[22][7]                           ;
; 18:1               ; 8 bits    ; 96 LEs        ; 0 LEs                ; 96 LEs                 ; Yes        ; |MyComputer|CPU:cpu|Reg[21][7]                           ;
; 18:1               ; 8 bits    ; 96 LEs        ; 0 LEs                ; 96 LEs                 ; Yes        ; |MyComputer|CPU:cpu|Reg[20][7]                           ;
; 18:1               ; 8 bits    ; 96 LEs        ; 0 LEs                ; 96 LEs                 ; Yes        ; |MyComputer|CPU:cpu|Reg[19][7]                           ;
; 18:1               ; 8 bits    ; 96 LEs        ; 0 LEs                ; 96 LEs                 ; Yes        ; |MyComputer|CPU:cpu|Reg[18][7]                           ;
; 18:1               ; 8 bits    ; 96 LEs        ; 0 LEs                ; 96 LEs                 ; Yes        ; |MyComputer|CPU:cpu|Reg[17][7]                           ;
; 18:1               ; 8 bits    ; 96 LEs        ; 0 LEs                ; 96 LEs                 ; Yes        ; |MyComputer|CPU:cpu|Reg[16][7]                           ;
; 18:1               ; 8 bits    ; 96 LEs        ; 0 LEs                ; 96 LEs                 ; Yes        ; |MyComputer|CPU:cpu|Reg[15][7]                           ;
; 18:1               ; 8 bits    ; 96 LEs        ; 0 LEs                ; 96 LEs                 ; Yes        ; |MyComputer|CPU:cpu|Reg[14][7]                           ;
; 18:1               ; 8 bits    ; 96 LEs        ; 0 LEs                ; 96 LEs                 ; Yes        ; |MyComputer|CPU:cpu|Reg[13][5]                           ;
; 18:1               ; 8 bits    ; 96 LEs        ; 0 LEs                ; 96 LEs                 ; Yes        ; |MyComputer|CPU:cpu|Reg[12][1]                           ;
; 18:1               ; 8 bits    ; 96 LEs        ; 0 LEs                ; 96 LEs                 ; Yes        ; |MyComputer|CPU:cpu|Reg[11][5]                           ;
; 18:1               ; 8 bits    ; 96 LEs        ; 0 LEs                ; 96 LEs                 ; Yes        ; |MyComputer|CPU:cpu|Reg[10][0]                           ;
; 18:1               ; 8 bits    ; 96 LEs        ; 0 LEs                ; 96 LEs                 ; Yes        ; |MyComputer|CPU:cpu|Reg[9][4]                            ;
; 18:1               ; 8 bits    ; 96 LEs        ; 0 LEs                ; 96 LEs                 ; Yes        ; |MyComputer|CPU:cpu|Reg[8][4]                            ;
; 18:1               ; 8 bits    ; 96 LEs        ; 0 LEs                ; 96 LEs                 ; Yes        ; |MyComputer|CPU:cpu|Reg[7][2]                            ;
; 18:1               ; 8 bits    ; 96 LEs        ; 0 LEs                ; 96 LEs                 ; Yes        ; |MyComputer|CPU:cpu|Reg[6][0]                            ;
; 18:1               ; 8 bits    ; 96 LEs        ; 0 LEs                ; 96 LEs                 ; Yes        ; |MyComputer|CPU:cpu|Reg[5][1]                            ;
; 18:1               ; 8 bits    ; 96 LEs        ; 0 LEs                ; 96 LEs                 ; Yes        ; |MyComputer|CPU:cpu|Reg[4][2]                            ;
; 18:1               ; 8 bits    ; 96 LEs        ; 0 LEs                ; 96 LEs                 ; Yes        ; |MyComputer|CPU:cpu|Reg[3][4]                            ;
; 18:1               ; 8 bits    ; 96 LEs        ; 0 LEs                ; 96 LEs                 ; Yes        ; |MyComputer|CPU:cpu|Reg[2][1]                            ;
; 18:1               ; 8 bits    ; 96 LEs        ; 0 LEs                ; 96 LEs                 ; Yes        ; |MyComputer|CPU:cpu|Reg[1][3]                            ;
; 18:1               ; 8 bits    ; 96 LEs        ; 0 LEs                ; 96 LEs                 ; Yes        ; |MyComputer|CPU:cpu|Reg[0][7]                            ;
; 20:1               ; 8 bits    ; 104 LEs       ; 16 LEs               ; 88 LEs                 ; Yes        ; |MyComputer|CPU:cpu|Reg[28][3]                           ;
; 20:1               ; 7 bits    ; 91 LEs        ; 14 LEs               ; 77 LEs                 ; Yes        ; |MyComputer|CPU:cpu|IP[0]                                ;
; 3:1                ; 7 bits    ; 14 LEs        ; 14 LEs               ; 0 LEs                  ; No         ; |MyComputer|Disp2cNum:dnum|DispDec:hex0|SSeg:hex|segs[0] ;
; 3:1                ; 7 bits    ; 14 LEs        ; 14 LEs               ; 0 LEs                  ; No         ; |MyComputer|Disp2cNum:dnum|DispDec:hex1|SSeg:hex|segs[4] ;
; 3:1                ; 7 bits    ; 14 LEs        ; 14 LEs               ; 0 LEs                  ; No         ; |MyComputer|Disp2cNum:dnum|DispDec:hex2|SSeg:hex|segs[4] ;
; 8:1                ; 7 bits    ; 35 LEs        ; 14 LEs               ; 21 LEs                 ; No         ; |MyComputer|CPU:cpu|Mux61                                ;
; 8:1                ; 8 bits    ; 40 LEs        ; 16 LEs               ; 24 LEs                 ; No         ; |MyComputer|CPU:cpu|Mux70                                ;
; 5:1                ; 8 bits    ; 24 LEs        ; 16 LEs               ; 8 LEs                  ; No         ; |MyComputer|CPU:cpu|Mux50                                ;
; 3:1                ; 6 bits    ; 12 LEs        ; 12 LEs               ; 0 LEs                  ; No         ; |MyComputer|CPU:cpu|Selector14                           ;
; 10:1               ; 6 bits    ; 36 LEs        ; 24 LEs               ; 12 LEs                 ; No         ; |MyComputer|CPU:cpu|cnum                                 ;
; 32:1               ; 2 bits    ; 42 LEs        ; 42 LEs               ; 0 LEs                  ; No         ; |MyComputer|CPU:cpu|Mux1                                 ;
; 32:1               ; 8 bits    ; 168 LEs       ; 168 LEs              ; 0 LEs                  ; No         ; |MyComputer|CPU:cpu|Mux34                                ;
; 33:1               ; 8 bits    ; 176 LEs       ; 176 LEs              ; 0 LEs                  ; No         ; |MyComputer|CPU:cpu|Selector29                           ;
; 33:1               ; 6 bits    ; 132 LEs       ; 132 LEs              ; 0 LEs                  ; No         ; |MyComputer|CPU:cpu|Selector5                            ;
+--------------------+-----------+---------------+----------------------+------------------------+------------+----------------------------------------------------------+


+----------------------------------------------------------------------------------------------+
; Parameter Settings for Inferred Entity Instance: Disp2cNum:dnum|DispDec:hex0|lpm_divide:Mod0 ;
+------------------------+----------------+----------------------------------------------------+
; Parameter Name         ; Value          ; Type                                               ;
+------------------------+----------------+----------------------------------------------------+
; LPM_WIDTHN             ; 7              ; Untyped                                            ;
; LPM_WIDTHD             ; 4              ; Untyped                                            ;
; LPM_NREPRESENTATION    ; UNSIGNED       ; Untyped                                            ;
; LPM_DREPRESENTATION    ; UNSIGNED       ; Untyped                                            ;
; LPM_PIPELINE           ; 0              ; Untyped                                            ;
; LPM_REMAINDERPOSITIVE  ; TRUE           ; Untyped                                            ;
; MAXIMIZE_SPEED         ; 5              ; Untyped                                            ;
; CBXI_PARAMETER         ; lpm_divide_72m ; Untyped                                            ;
; CARRY_CHAIN            ; MANUAL         ; Untyped                                            ;
; OPTIMIZE_FOR_SPEED     ; 5              ; Untyped                                            ;
; AUTO_CARRY_CHAINS      ; ON             ; AUTO_CARRY                                         ;
; IGNORE_CARRY_BUFFERS   ; OFF            ; IGNORE_CARRY                                       ;
; AUTO_CASCADE_CHAINS    ; ON             ; AUTO_CASCADE                                       ;
; IGNORE_CASCADE_BUFFERS ; OFF            ; IGNORE_CASCADE                                     ;
+------------------------+----------------+----------------------------------------------------+
Note: In order to hide this table in the UI and the text report file, please set the "Show Parameter Settings in Synthesis Report" option in "Analysis and Synthesis Settings -> More Settings" to "Off".


+----------------------------------------------------------------------------------------------+
; Parameter Settings for Inferred Entity Instance: Disp2cNum:dnum|DispDec:hex0|lpm_divide:Div0 ;
+------------------------+----------------+----------------------------------------------------+
; Parameter Name         ; Value          ; Type                                               ;
+------------------------+----------------+----------------------------------------------------+
; LPM_WIDTHN             ; 7              ; Untyped                                            ;
; LPM_WIDTHD             ; 4              ; Untyped                                            ;
; LPM_NREPRESENTATION    ; UNSIGNED       ; Untyped                                            ;
; LPM_DREPRESENTATION    ; UNSIGNED       ; Untyped                                            ;
; LPM_PIPELINE           ; 0              ; Untyped                                            ;
; LPM_REMAINDERPOSITIVE  ; TRUE           ; Untyped                                            ;
; MAXIMIZE_SPEED         ; 5              ; Untyped                                            ;
; CBXI_PARAMETER         ; lpm_divide_4am ; Untyped                                            ;
; CARRY_CHAIN            ; MANUAL         ; Untyped                                            ;
; OPTIMIZE_FOR_SPEED     ; 5              ; Untyped                                            ;
; AUTO_CARRY_CHAINS      ; ON             ; AUTO_CARRY                                         ;
; IGNORE_CARRY_BUFFERS   ; OFF            ; IGNORE_CARRY                                       ;
; AUTO_CASCADE_CHAINS    ; ON             ; AUTO_CASCADE                                       ;
; IGNORE_CASCADE_BUFFERS ; OFF            ; IGNORE_CASCADE                                     ;
+------------------------+----------------+----------------------------------------------------+
Note: In order to hide this table in the UI and the text report file, please set the "Show Parameter Settings in Synthesis Report" option in "Analysis and Synthesis Settings -> More Settings" to "Off".


+----------------------------------------------------------------------------------------------+
; Parameter Settings for Inferred Entity Instance: Disp2cNum:dnum|DispDec:hex1|lpm_divide:Mod0 ;
+------------------------+----------------+----------------------------------------------------+
; Parameter Name         ; Value          ; Type                                               ;
+------------------------+----------------+----------------------------------------------------+
; LPM_WIDTHN             ; 7              ; Untyped                                            ;
; LPM_WIDTHD             ; 4              ; Untyped                                            ;
; LPM_NREPRESENTATION    ; UNSIGNED       ; Untyped                                            ;
; LPM_DREPRESENTATION    ; UNSIGNED       ; Untyped                                            ;
; LPM_PIPELINE           ; 0              ; Untyped                                            ;
; LPM_REMAINDERPOSITIVE  ; TRUE           ; Untyped                                            ;
; MAXIMIZE_SPEED         ; 5              ; Untyped                                            ;
; CBXI_PARAMETER         ; lpm_divide_72m ; Untyped                                            ;
; CARRY_CHAIN            ; MANUAL         ; Untyped                                            ;
; OPTIMIZE_FOR_SPEED     ; 5              ; Untyped                                            ;
; AUTO_CARRY_CHAINS      ; ON             ; AUTO_CARRY                                         ;
; IGNORE_CARRY_BUFFERS   ; OFF            ; IGNORE_CARRY                                       ;
; AUTO_CASCADE_CHAINS    ; ON             ; AUTO_CASCADE                                       ;
; IGNORE_CASCADE_BUFFERS ; OFF            ; IGNORE_CASCADE                                     ;
+------------------------+----------------+----------------------------------------------------+
Note: In order to hide this table in the UI and the text report file, please set the "Show Parameter Settings in Synthesis Report" option in "Analysis and Synthesis Settings -> More Settings" to "Off".


+----------------------------------------------------------------------------------------------+
; Parameter Settings for Inferred Entity Instance: Disp2cNum:dnum|DispDec:hex1|lpm_divide:Div0 ;
+------------------------+----------------+----------------------------------------------------+
; Parameter Name         ; Value          ; Type                                               ;
+------------------------+----------------+----------------------------------------------------+
; LPM_WIDTHN             ; 7              ; Untyped                                            ;
; LPM_WIDTHD             ; 4              ; Untyped                                            ;
; LPM_NREPRESENTATION    ; UNSIGNED       ; Untyped                                            ;
; LPM_DREPRESENTATION    ; UNSIGNED       ; Untyped                                            ;
; LPM_PIPELINE           ; 0              ; Untyped                                            ;
; LPM_REMAINDERPOSITIVE  ; TRUE           ; Untyped                                            ;
; MAXIMIZE_SPEED         ; 5              ; Untyped                                            ;
; CBXI_PARAMETER         ; lpm_divide_4am ; Untyped                                            ;
; CARRY_CHAIN            ; MANUAL         ; Untyped                                            ;
; OPTIMIZE_FOR_SPEED     ; 5              ; Untyped                                            ;
; AUTO_CARRY_CHAINS      ; ON             ; AUTO_CARRY                                         ;
; IGNORE_CARRY_BUFFERS   ; OFF            ; IGNORE_CARRY                                       ;
; AUTO_CASCADE_CHAINS    ; ON             ; AUTO_CASCADE                                       ;
; IGNORE_CASCADE_BUFFERS ; OFF            ; IGNORE_CASCADE                                     ;
+------------------------+----------------+----------------------------------------------------+
Note: In order to hide this table in the UI and the text report file, please set the "Show Parameter Settings in Synthesis Report" option in "Analysis and Synthesis Settings -> More Settings" to "Off".


+----------------------------------------------------------------------------------------------+
; Parameter Settings for Inferred Entity Instance: Disp2cNum:dnum|DispDec:hex2|lpm_divide:Mod0 ;
+------------------------+----------------+----------------------------------------------------+
; Parameter Name         ; Value          ; Type                                               ;
+------------------------+----------------+----------------------------------------------------+
; LPM_WIDTHN             ; 7              ; Untyped                                            ;
; LPM_WIDTHD             ; 4              ; Untyped                                            ;
; LPM_NREPRESENTATION    ; UNSIGNED       ; Untyped                                            ;
; LPM_DREPRESENTATION    ; UNSIGNED       ; Untyped                                            ;
; LPM_PIPELINE           ; 0              ; Untyped                                            ;
; LPM_REMAINDERPOSITIVE  ; TRUE           ; Untyped                                            ;
; MAXIMIZE_SPEED         ; 5              ; Untyped                                            ;
; CBXI_PARAMETER         ; lpm_divide_72m ; Untyped                                            ;
; CARRY_CHAIN            ; MANUAL         ; Untyped                                            ;
; OPTIMIZE_FOR_SPEED     ; 5              ; Untyped                                            ;
; AUTO_CARRY_CHAINS      ; ON             ; AUTO_CARRY                                         ;
; IGNORE_CARRY_BUFFERS   ; OFF            ; IGNORE_CARRY                                       ;
; AUTO_CASCADE_CHAINS    ; ON             ; AUTO_CASCADE                                       ;
; IGNORE_CASCADE_BUFFERS ; OFF            ; IGNORE_CASCADE                                     ;
+------------------------+----------------+----------------------------------------------------+
Note: In order to hide this table in the UI and the text report file, please set the "Show Parameter Settings in Synthesis Report" option in "Analysis and Synthesis Settings -> More Settings" to "Off".


+--------------------------------------------------------------------------------------------------------------------------------------------------------------------------------------------------------------------+
; Port Connectivity Checks: "DispHex:dh|SSeg:ss1"                                                                                                                                                                    ;
+------------+-------+----------+------------------------------------------------------------------------------------------------------------------------------------------------------------------------------------+
; Port       ; Type  ; Severity ; Details                                                                                                                                                                            ;
+------------+-------+----------+------------------------------------------------------------------------------------------------------------------------------------------------------------------------------------+
; neg        ; Input ; Warning  ; Input port expression (32 bits) is wider than the input port (1 bits) it drives.  The 31 most-significant bit(s) in the expression will be dangling if they have no other fanouts. ;
; neg[-1]    ; Input ; Info     ; Stuck at GND                                                                                                                                                                       ;
; enable     ; Input ; Warning  ; Input port expression (32 bits) is wider than the input port (1 bits) it drives.  The 31 most-significant bit(s) in the expression will be dangling if they have no other fanouts. ;
; enable[-1] ; Input ; Info     ; Stuck at VCC                                                                                                                                                                       ;
+------------+-------+----------+------------------------------------------------------------------------------------------------------------------------------------------------------------------------------------+


+--------------------------------------------------------------------------------------------------------------------------------------------------------------------------------------------------------------------+
; Port Connectivity Checks: "DispHex:dh|SSeg:ss0"                                                                                                                                                                    ;
+------------+-------+----------+------------------------------------------------------------------------------------------------------------------------------------------------------------------------------------+
; Port       ; Type  ; Severity ; Details                                                                                                                                                                            ;
+------------+-------+----------+------------------------------------------------------------------------------------------------------------------------------------------------------------------------------------+
; neg        ; Input ; Warning  ; Input port expression (32 bits) is wider than the input port (1 bits) it drives.  The 31 most-significant bit(s) in the expression will be dangling if they have no other fanouts. ;
; neg[-1]    ; Input ; Info     ; Stuck at GND                                                                                                                                                                       ;
; enable     ; Input ; Warning  ; Input port expression (32 bits) is wider than the input port (1 bits) it drives.  The 31 most-significant bit(s) in the expression will be dangling if they have no other fanouts. ;
; enable[-1] ; Input ; Info     ; Stuck at VCC                                                                                                                                                                       ;
+------------+-------+----------+------------------------------------------------------------------------------------------------------------------------------------------------------------------------------------+


+---------------------------------------------------------------------------------------------------------------------------------------------------------------------------------------------------------------------+
; Port Connectivity Checks: "Disp2cNum:dnum|DispDec:hex3"                                                                                                                                                             ;
+------------+--------+----------+------------------------------------------------------------------------------------------------------------------------------------------------------------------------------------+
; Port       ; Type   ; Severity ; Details                                                                                                                                                                            ;
+------------+--------+----------+------------------------------------------------------------------------------------------------------------------------------------------------------------------------------------+
; enable     ; Input  ; Warning  ; Input port expression (32 bits) is wider than the input port (1 bits) it drives.  The 31 most-significant bit(s) in the expression will be dangling if they have no other fanouts. ;
; enable[-1] ; Input  ; Info     ; Stuck at GND                                                                                                                                                                       ;
; next_bin   ; Output ; Info     ; Connected to dangling logic. Logic that only feeds a dangling port will be removed.                                                                                                ;
; next_neg   ; Output ; Info     ; Connected to dangling logic. Logic that only feeds a dangling port will be removed.                                                                                                ;
+------------+--------+----------+------------------------------------------------------------------------------------------------------------------------------------------------------------------------------------+


+--------------------------------------------------------------------------------------------------------------------------------------------------------------------------------------------------------------------+
; Port Connectivity Checks: "Disp2cNum:dnum|DispDec:hex2"                                                                                                                                                            ;
+------------+-------+----------+------------------------------------------------------------------------------------------------------------------------------------------------------------------------------------+
; Port       ; Type  ; Severity ; Details                                                                                                                                                                            ;
+------------+-------+----------+------------------------------------------------------------------------------------------------------------------------------------------------------------------------------------+
; enable     ; Input ; Warning  ; Input port expression (32 bits) is wider than the input port (1 bits) it drives.  The 31 most-significant bit(s) in the expression will be dangling if they have no other fanouts. ;
; enable[-1] ; Input ; Info     ; Stuck at GND                                                                                                                                                                       ;
+------------+-------+----------+------------------------------------------------------------------------------------------------------------------------------------------------------------------------------------+


+--------------------------------------------------------------------------------------------------------------------------------------------------------------------------------------------------------------------+
; Port Connectivity Checks: "Disp2cNum:dnum|DispDec:hex1"                                                                                                                                                            ;
+------------+-------+----------+------------------------------------------------------------------------------------------------------------------------------------------------------------------------------------+
; Port       ; Type  ; Severity ; Details                                                                                                                                                                            ;
+------------+-------+----------+------------------------------------------------------------------------------------------------------------------------------------------------------------------------------------+
; enable     ; Input ; Warning  ; Input port expression (32 bits) is wider than the input port (1 bits) it drives.  The 31 most-significant bit(s) in the expression will be dangling if they have no other fanouts. ;
; enable[-1] ; Input ; Info     ; Stuck at GND                                                                                                                                                                       ;
+------------+-------+----------+------------------------------------------------------------------------------------------------------------------------------------------------------------------------------------+


+--------------------------------------------------------------------------------------------------------------------------------------------------------------------------------------------------------------+
; Port Connectivity Checks: "Disp2cNum:dnum|DispDec:hex0|SSeg:hex"                                                                                                                                             ;
+------+-------+----------+------------------------------------------------------------------------------------------------------------------------------------------------------------------------------------+
; Port ; Type  ; Severity ; Details                                                                                                                                                                            ;
+------+-------+----------+------------------------------------------------------------------------------------------------------------------------------------------------------------------------------------+
; bin  ; Input ; Warning  ; Input port expression (32 bits) is wider than the input port (4 bits) it drives.  The 28 most-significant bit(s) in the expression will be dangling if they have no other fanouts. ;
+------+-------+----------+------------------------------------------------------------------------------------------------------------------------------------------------------------------------------------+


+-----------------------------------------------------+
; Post-Synthesis Netlist Statistics for Top Partition ;
+-----------------------+-----------------------------+
; Type                  ; Count                       ;
+-----------------------+-----------------------------+
; arriav_ff             ; 367                         ;
;     ENA               ; 31                          ;
;     ENA SCLR          ; 11                          ;
;     ENA SLD           ; 240                         ;
;     SCLR              ; 44                          ;
;     plain             ; 41                          ;
; arriav_lcell_comb     ; 908                         ;
;     arith             ; 154                         ;
;         0 data inputs ; 22                          ;
;         1 data inputs ; 64                          ;
;         2 data inputs ; 20                          ;
;         3 data inputs ; 25                          ;
;         4 data inputs ; 6                           ;
;         5 data inputs ; 17                          ;
;     extend            ; 5                           ;
;         7 data inputs ; 5                           ;
;     normal            ; 724                         ;
;         0 data inputs ; 1                           ;
;         1 data inputs ; 7                           ;
;         2 data inputs ; 44                          ;
;         3 data inputs ; 84                          ;
;         4 data inputs ; 110                         ;
;         5 data inputs ; 154                         ;
;         6 data inputs ; 324                         ;
;     shared            ; 25                          ;
;         0 data inputs ; 11                          ;
;         1 data inputs ; 14                          ;
; arriav_mac            ; 2                           ;
; boundary_port         ; 67                          ;
;                       ;                             ;
; Max LUT depth         ; 15.40                       ;
; Average LUT depth     ; 9.04                        ;
+-----------------------+-----------------------------+


+-------------------------------+
; Elapsed Time Per Partition    ;
+----------------+--------------+
; Partition Name ; Elapsed Time ;
+----------------+--------------+
; Top            ; 00:00:08     ;
+----------------+--------------+


+-------------------------------+
; Analysis & Synthesis Messages ;
+-------------------------------+
Info: *******************************************************************
Info: Running Quartus Prime Analysis & Synthesis
    Info: Version 18.1.0 Build 625 09/12/2018 SJ Lite Edition
    Info: Processing started: Thu May 16 17:39:24 2019
Info: Command: quartus_map --read_settings_files=on --write_settings_files=off MyComputer -c MyComputer
Warning (18236): Number of processors has not been specified which may cause overloading on shared machines.  Set the global assignment NUM_PARALLEL_PROCESSORS in your QSF to an appropriate value for best performance.
Info (20030): Parallel compilation is enabled and will use 4 of the 4 processors detected
Info (12021): Found 1 design units, including 1 entities, in source file testcalc.v
    Info (12023): Found entity 1: TestCalc File: C:/Users/Kit Man/Documents/Quartus/Project/CPU/TestCalc.v Line: 12
Warning (10463): Verilog HDL Declaration warning at ROM.v(195): "bit" is SystemVerilog-2005 keyword File: C:/Users/Kit Man/Documents/Quartus/Project/CPU/ROM.v Line: 195
Warning (10463): Verilog HDL Declaration warning at ROM.v(248): "bit" is SystemVerilog-2005 keyword File: C:/Users/Kit Man/Documents/Quartus/Project/CPU/ROM.v Line: 248
Warning (10463): Verilog HDL Declaration warning at ROM.v(254): "bit" is SystemVerilog-2005 keyword File: C:/Users/Kit Man/Documents/Quartus/Project/CPU/ROM.v Line: 254
Info (12021): Found 1 design units, including 1 entities, in source file rom.v
    Info (12023): Found entity 1: AsyncROM File: C:/Users/Kit Man/Documents/Quartus/Project/CPU/ROM.v Line: 5
Info (12021): Found 1 design units, including 1 entities, in source file cpu.v
    Info (12023): Found entity 1: CPU File: C:/Users/Kit Man/Documents/Quartus/Project/CPU/CPU.v Line: 5
Info (12021): Found 8 design units, including 8 entities, in source file auxmod.v
    Info (12023): Found entity 1: Debounce File: C:/Users/Kit Man/Documents/Quartus/Project/CPU/AuxMod.v Line: 2
    Info (12023): Found entity 2: Disp2cNum File: C:/Users/Kit Man/Documents/Quartus/Project/CPU/AuxMod.v Line: 35
    Info (12023): Found entity 3: DispDec File: C:/Users/Kit Man/Documents/Quartus/Project/CPU/AuxMod.v Line: 51
    Info (12023): Found entity 4: convertSigned File: C:/Users/Kit Man/Documents/Quartus/Project/CPU/AuxMod.v Line: 60
    Info (12023): Found entity 5: DispHex File: C:/Users/Kit Man/Documents/Quartus/Project/CPU/AuxMod.v Line: 68
    Info (12023): Found entity 6: Synchroniser File: C:/Users/Kit Man/Documents/Quartus/Project/CPU/AuxMod.v Line: 76
    Info (12023): Found entity 7: SSeg File: C:/Users/Kit Man/Documents/Quartus/Project/CPU/AuxMod.v Line: 87
    Info (12023): Found entity 8: DetectFallingEdge File: C:/Users/Kit Man/Documents/Quartus/Project/CPU/AuxMod.v Line: 116
Info (12021): Found 1 design units, including 1 entities, in source file mycomputer.v
    Info (12023): Found entity 1: MyComputer File: C:/Users/Kit Man/Documents/Quartus/Project/CPU/MyComputer.v Line: 1
Info (12021): Found 1 design units, including 1 entities, in source file test_02.v
    Info (12023): Found entity 1: test_02 File: C:/Users/Kit Man/Documents/Quartus/Project/CPU/test_02.v Line: 3
Info (12021): Found 1 design units, including 1 entities, in source file test_01.v
    Info (12023): Found entity 1: test_01 File: C:/Users/Kit Man/Documents/Quartus/Project/CPU/test_01.v Line: 3
Info (12021): Found 1 design units, including 1 entities, in source file test_03.v
    Info (12023): Found entity 1: test_03 File: C:/Users/Kit Man/Documents/Quartus/Project/CPU/test_03.v Line: 3
Info (12127): Elaborating entity "MyComputer" for the top level hierarchy
Info (12128): Elaborating entity "CPU" for hierarchy "CPU:cpu" File: C:/Users/Kit Man/Documents/Quartus/Project/CPU/MyComputer.v Line: 10
Warning (10230): Verilog HDL assignment warning at CPU.v(57): truncated value with size 32 to match size of target (24) File: C:/Users/Kit Man/Documents/Quartus/Project/CPU/CPU.v Line: 57
Info (10264): Verilog HDL Case Statement information at CPU.v(199): all case item expressions in this case statement are onehot File: C:/Users/Kit Man/Documents/Quartus/Project/CPU/CPU.v Line: 199
Info (10264): Verilog HDL Case Statement information at CPU.v(88): all case item expressions in this case statement are onehot File: C:/Users/Kit Man/Documents/Quartus/Project/CPU/CPU.v Line: 88
Info (10264): Verilog HDL Case Statement information at CPU.v(213): all case item expressions in this case statement are onehot File: C:/Users/Kit Man/Documents/Quartus/Project/CPU/CPU.v Line: 213
Info (10264): Verilog HDL Case Statement information at CPU.v(83): all case item expressions in this case statement are onehot File: C:/Users/Kit Man/Documents/Quartus/Project/CPU/CPU.v Line: 83
Info (12128): Elaborating entity "Synchroniser" for hierarchy "CPU:cpu|Synchroniser:sync_r" File: C:/Users/Kit Man/Documents/Quartus/Project/CPU/CPU.v Line: 17
Info (12128): Elaborating entity "DetectFallingEdge" for hierarchy "CPU:cpu|DetectFallingEdge:pb[0].dfe" File: C:/Users/Kit Man/Documents/Quartus/Project/CPU/CPU.v Line: 49
Info (12128): Elaborating entity "AsyncROM" for hierarchy "CPU:cpu|AsyncROM:Pmem" File: C:/Users/Kit Man/Documents/Quartus/Project/CPU/CPU.v Line: 168
Info (12128): Elaborating entity "Debounce" for hierarchy "Debounce:db" File: C:/Users/Kit Man/Documents/Quartus/Project/CPU/MyComputer.v Line: 12
Info (12128): Elaborating entity "Disp2cNum" for hierarchy "Disp2cNum:dnum" File: C:/Users/Kit Man/Documents/Quartus/Project/CPU/MyComputer.v Line: 14
Info (12128): Elaborating entity "convertSigned" for hierarchy "Disp2cNum:dnum|convertSigned:convert" File: C:/Users/Kit Man/Documents/Quartus/Project/CPU/AuxMod.v Line: 39
Warning (10230): Verilog HDL assignment warning at AuxMod.v(63): truncated value with size 32 to match size of target (7) File: C:/Users/Kit Man/Documents/Quartus/Project/CPU/AuxMod.v Line: 63
Info (12128): Elaborating entity "DispDec" for hierarchy "Disp2cNum:dnum|DispDec:hex0" File: C:/Users/Kit Man/Documents/Quartus/Project/CPU/AuxMod.v Line: 42
Warning (10230): Verilog HDL assignment warning at AuxMod.v(54): truncated value with size 32 to match size of target (7) File: C:/Users/Kit Man/Documents/Quartus/Project/CPU/AuxMod.v Line: 54
Info (12128): Elaborating entity "SSeg" for hierarchy "Disp2cNum:dnum|DispDec:hex0|SSeg:hex" File: C:/Users/Kit Man/Documents/Quartus/Project/CPU/AuxMod.v Line: 53
Info (12128): Elaborating entity "DispHex" for hierarchy "DispHex:dh" File: C:/Users/Kit Man/Documents/Quartus/Project/CPU/MyComputer.v Line: 16
Warning (12020): Port "ordered port 0" on the entity instantiation of "hex" is connected to a signal of width 32. The formal width of the signal in the module is 4.  The extra bits will be ignored. File: C:/Users/Kit Man/Documents/Quartus/Project/CPU/AuxMod.v Line: 53
Warning (12020): Port "ordered port 0" on the entity instantiation of "hex" is connected to a signal of width 32. The formal width of the signal in the module is 4.  The extra bits will be ignored. File: C:/Users/Kit Man/Documents/Quartus/Project/CPU/AuxMod.v Line: 53
Warning (12020): Port "ordered port 0" on the entity instantiation of "hex" is connected to a signal of width 32. The formal width of the signal in the module is 4.  The extra bits will be ignored. File: C:/Users/Kit Man/Documents/Quartus/Project/CPU/AuxMod.v Line: 53
Info (278001): Inferred 5 megafunctions from design logic
    Info (278004): Inferred divider/modulo megafunction ("lpm_divide") from the following logic: "Disp2cNum:dnum|DispDec:hex0|Mod0" File: C:/Users/Kit Man/Documents/Quartus/Project/CPU/AuxMod.v Line: 53
    Info (278004): Inferred divider/modulo megafunction ("lpm_divide") from the following logic: "Disp2cNum:dnum|DispDec:hex0|Div0" File: C:/Users/Kit Man/Documents/Quartus/Project/CPU/AuxMod.v Line: 54
    Info (278004): Inferred divider/modulo megafunction ("lpm_divide") from the following logic: "Disp2cNum:dnum|DispDec:hex1|Mod0" File: C:/Users/Kit Man/Documents/Quartus/Project/CPU/AuxMod.v Line: 53
    Info (278004): Inferred divider/modulo megafunction ("lpm_divide") from the following logic: "Disp2cNum:dnum|DispDec:hex1|Div0" File: C:/Users/Kit Man/Documents/Quartus/Project/CPU/AuxMod.v Line: 54
    Info (278004): Inferred divider/modulo megafunction ("lpm_divide") from the following logic: "Disp2cNum:dnum|DispDec:hex2|Mod0" File: C:/Users/Kit Man/Documents/Quartus/Project/CPU/AuxMod.v Line: 53
Info (12130): Elaborated megafunction instantiation "Disp2cNum:dnum|DispDec:hex0|lpm_divide:Mod0" File: C:/Users/Kit Man/Documents/Quartus/Project/CPU/AuxMod.v Line: 53
Info (12133): Instantiated megafunction "Disp2cNum:dnum|DispDec:hex0|lpm_divide:Mod0" with the following parameter: File: C:/Users/Kit Man/Documents/Quartus/Project/CPU/AuxMod.v Line: 53
    Info (12134): Parameter "LPM_WIDTHN" = "7"
    Info (12134): Parameter "LPM_WIDTHD" = "4"
    Info (12134): Parameter "LPM_NREPRESENTATION" = "UNSIGNED"
    Info (12134): Parameter "LPM_DREPRESENTATION" = "UNSIGNED"
Info (12021): Found 1 design units, including 1 entities, in source file db/lpm_divide_72m.tdf
    Info (12023): Found entity 1: lpm_divide_72m File: C:/Users/Kit Man/Documents/Quartus/Project/CPU/db/lpm_divide_72m.tdf Line: 24
Info (12021): Found 1 design units, including 1 entities, in source file db/sign_div_unsign_akh.tdf
    Info (12023): Found entity 1: sign_div_unsign_akh File: C:/Users/Kit Man/Documents/Quartus/Project/CPU/db/sign_div_unsign_akh.tdf Line: 24
Info (12021): Found 1 design units, including 1 entities, in source file db/alt_u_div_qse.tdf
    Info (12023): Found entity 1: alt_u_div_qse File: C:/Users/Kit Man/Documents/Quartus/Project/CPU/db/alt_u_div_qse.tdf Line: 22
Info (12130): Elaborated megafunction instantiation "Disp2cNum:dnum|DispDec:hex0|lpm_divide:Div0" File: C:/Users/Kit Man/Documents/Quartus/Project/CPU/AuxMod.v Line: 54
Info (12133): Instantiated megafunction "Disp2cNum:dnum|DispDec:hex0|lpm_divide:Div0" with the following parameter: File: C:/Users/Kit Man/Documents/Quartus/Project/CPU/AuxMod.v Line: 54
    Info (12134): Parameter "LPM_WIDTHN" = "7"
    Info (12134): Parameter "LPM_WIDTHD" = "4"
    Info (12134): Parameter "LPM_NREPRESENTATION" = "UNSIGNED"
    Info (12134): Parameter "LPM_DREPRESENTATION" = "UNSIGNED"
Info (12021): Found 1 design units, including 1 entities, in source file db/lpm_divide_4am.tdf
    Info (12023): Found entity 1: lpm_divide_4am File: C:/Users/Kit Man/Documents/Quartus/Project/CPU/db/lpm_divide_4am.tdf Line: 24
Warning (12241): 6 hierarchies have connectivity warnings - see the Connectivity Checks report folder
Warning (13024): Output pins are stuck at VCC or GND
    Warning (13410): Pin "HEX3[0]" is stuck at VCC File: C:/Users/Kit Man/Documents/Quartus/Project/CPU/MyComputer.v Line: 2
    Warning (13410): Pin "HEX3[1]" is stuck at VCC File: C:/Users/Kit Man/Documents/Quartus/Project/CPU/MyComputer.v Line: 2
    Warning (13410): Pin "HEX3[2]" is stuck at VCC File: C:/Users/Kit Man/Documents/Quartus/Project/CPU/MyComputer.v Line: 2
    Warning (13410): Pin "HEX3[3]" is stuck at VCC File: C:/Users/Kit Man/Documents/Quartus/Project/CPU/MyComputer.v Line: 2
    Warning (13410): Pin "HEX3[4]" is stuck at VCC File: C:/Users/Kit Man/Documents/Quartus/Project/CPU/MyComputer.v Line: 2
    Warning (13410): Pin "HEX3[5]" is stuck at VCC File: C:/Users/Kit Man/Documents/Quartus/Project/CPU/MyComputer.v Line: 2
Info (286030): Timing-Driven Synthesis is running
Info (144001): Generated suppressed messages file C:/Users/Kit Man/Documents/Quartus/Project/CPU/output_files/MyComputer.map.smsg
Info (16010): Generating hard_block partition "hard_block:auto_generated_inst"
    Info (16011): Adding 0 node(s), including 0 DDIO, 0 PLL, 0 transceiver and 0 LCELL
Info (21057): Implemented 1263 device resources after synthesis - the final resource count might be different
    Info (21058): Implemented 15 input pins
    Info (21059): Implemented 52 output pins
    Info (21061): Implemented 1194 logic cells
    Info (21062): Implemented 2 DSP elements
Info: Quartus Prime Analysis & Synthesis was successful. 0 errors, 18 warnings
    Info: Peak virtual memory: 4866 megabytes
    Info: Processing ended: Thu May 16 17:39:56 2019
    Info: Elapsed time: 00:00:32
    Info: Total CPU time (on all processors): 00:00:56


+------------------------------------------+
; Analysis & Synthesis Suppressed Messages ;
+------------------------------------------+
The suppressed messages can be found in C:/Users/Kit Man/Documents/Quartus/Project/CPU/output_files/MyComputer.map.smsg.


